../lcd/lcd.c:48:6:latch	8	static
../lcd/lcd.c:58:6:sendToLcd	16	static
../lcd/lcd.c:74:6:lcd_clear	8	static
../lcd/lcd.c:81:6:lcd_return_home	8	static
../lcd/lcd.c:88:6:lcd_scroll_left	8	static
../lcd/lcd.c:92:6:lcd_scroll_right	8	static
../lcd/lcd.c:96:6:lcd_no_auto_scroll	8	static
../lcd/lcd.c:101:6:lcd_move_cursor_R_to_L	8	static
../lcd/lcd.c:105:6:lcd_move_cursor_L_to_R	8	static
../lcd/lcd.c:109:6:lcd_cursor_off	8	static
../lcd/lcd.c:113:6:lcd_cursor_blinkoff	8	static
../lcd/lcd.c:119:6:lcd_print_char	16	static
../lcd/lcd.c:124:6:lcd_send_data	32	static
../lcd/lcd.c:135:6:lcd_send_command	32	static
../lcd/lcd.c:147:6:lcd_print_string	16	static
../lcd/lcd.c:164:6:lcd_set_cursor	16	static
../lcd/lcd.c:178:6:lcd_init	8	static
